I'm sorry, but errors were detected in your script. Please correct the
errors listed below, and try again.


File "game/script.rpy", line 659: expected statement.
    mood +=1
         ^

File "game/script.rpy", line 669: expected statement.
    mood +=0
         ^

Ren'Py Version: Ren'Py 8.0.3.22090809
Wed Mar  1 03:39:02 2023
